
CodeIgniter v4.7.4 Command Line Tool - Server Time: 2026-07-16 03:05:12 UTC+00:00

CodeIgniter development server started on http://localhost:8080
Press Control-C to stop.
[Thu Jul 16 10:05:14 2026] PHP 8.2.12 Development Server (http://localhost:8080) started
[Thu Jul 16 10:05:17 2026] [::1]:51831 Accepted
[Thu Jul 16 10:05:18 2026] [::1]:51831 Closing
[Thu Jul 16 10:05:45 2026] [::1]:51846 Accepted
[Thu Jul 16 10:05:45 2026] [::1]:51846 Closing
[Thu Jul 16 10:05:45 2026] [::1]:51847 Accepted
[Thu Jul 16 10:05:45 2026] [::1]:51847 Closing
[Thu Jul 16 10:05:45 2026] [::1]:51848 Accepted
[Thu Jul 16 10:05:46 2026] [::1]:51848 Closing
[Thu Jul 16 10:05:46 2026] [::1]:51850 Accepted
[Thu Jul 16 10:05:46 2026] [::1]:51850 Closing
[Thu Jul 16 10:05:46 2026] [::1]:51852 Accepted
[Thu Jul 16 10:05:46 2026] [::1]:51852 Closing
[Thu Jul 16 10:05:59 2026] [::1]:51404 Accepted
[Thu Jul 16 10:05:59 2026] [::1]:51404 Closing
[Thu Jul 16 10:05:59 2026] [::1]:54248 Accepted
[Thu Jul 16 10:05:59 2026] [::1]:54248 Closing
[Thu Jul 16 10:05:59 2026] [::1]:49299 Accepted
[Thu Jul 16 10:06:00 2026] [::1]:49299 Closing
[Thu Jul 16 10:06:00 2026] [::1]:59401 Accepted
[Thu Jul 16 10:06:00 2026] [::1]:59401 [200]: GET /favicon.ico
[Thu Jul 16 10:06:00 2026] [::1]:59401 Closing
[Thu Jul 16 10:08:46 2026] [::1]:51291 Accepted
[Thu Jul 16 10:08:46 2026] [::1]:51291 Closing
[Thu Jul 16 10:08:46 2026] [::1]:57452 Accepted
[Thu Jul 16 10:08:46 2026] [::1]:57452 Closed without sending a request; it was probably just an unused speculative preconnection
[Thu Jul 16 10:08:46 2026] [::1]:57452 Closing
[Thu Jul 16 10:08:46 2026] [::1]:49681 Accepted
[Thu Jul 16 10:08:46 2026] [::1]:49681 Closing
[Thu Jul 16 10:08:46 2026] [::1]:51243 Accepted
[Thu Jul 16 10:08:46 2026] [::1]:51243 Closing
[Thu Jul 16 10:08:46 2026] [::1]:59621 Accepted
[Thu Jul 16 10:08:46 2026] [::1]:59621 [200]: GET /favicon.ico
[Thu Jul 16 10:08:46 2026] [::1]:59621 Closing
[Thu Jul 16 10:09:01 2026] [::1]:51979 Accepted
[Thu Jul 16 10:09:01 2026] [::1]:51979 Closing
[Thu Jul 16 10:09:01 2026] [::1]:50450 Accepted
[Thu Jul 16 10:09:01 2026] [::1]:50450 Closing
[Thu Jul 16 10:09:01 2026] [::1]:64675 Accepted
[Thu Jul 16 10:09:01 2026] [::1]:64675 Closing
[Thu Jul 16 10:09:01 2026] [::1]:64005 Accepted
[Thu Jul 16 10:09:01 2026] [::1]:64005 [200]: GET /favicon.ico
[Thu Jul 16 10:09:01 2026] [::1]:64005 Closing
[Thu Jul 16 10:09:35 2026] [::1]:57388 Accepted
[Thu Jul 16 10:09:35 2026] [::1]:57388 Closing
[Thu Jul 16 10:09:36 2026] [::1]:57390 Accepted
[Thu Jul 16 10:09:36 2026] [::1]:57390 Closing
[Thu Jul 16 10:09:36 2026] [::1]:57391 Accepted
[Thu Jul 16 10:09:36 2026] [::1]:57391 Closing
[Thu Jul 16 10:09:36 2026] [::1]:57393 Accepted
[Thu Jul 16 10:09:36 2026] [::1]:57393 Closing
[Thu Jul 16 10:09:36 2026] [::1]:57396 Accepted
[Thu Jul 16 10:09:36 2026] [::1]:57396 Closing
[Thu Jul 16 10:10:33 2026] [::1]:54257 Accepted
[Thu Jul 16 10:10:33 2026] [::1]:54257 Closing
[Thu Jul 16 10:10:33 2026] [::1]:59480 Accepted
[Thu Jul 16 10:10:33 2026] [::1]:59480 Closing
[Thu Jul 16 10:10:35 2026] [::1]:50556 Accepted
[Thu Jul 16 10:10:35 2026] [::1]:50556 Closing
[Thu Jul 16 10:10:35 2026] [::1]:52047 Accepted
[Thu Jul 16 10:10:35 2026] [::1]:52047 Closing
[Thu Jul 16 10:11:52 2026] [::1]:62854 Accepted
[Thu Jul 16 10:11:52 2026] [::1]:62854 Closing
[Thu Jul 16 10:11:52 2026] [::1]:60382 Accepted
[Thu Jul 16 10:11:52 2026] [::1]:60382 Closing
[Thu Jul 16 10:11:52 2026] [::1]:62944 Accepted
[Thu Jul 16 10:11:52 2026] [::1]:62944 Closing
[Thu Jul 16 10:11:52 2026] [::1]:60740 Accepted
[Thu Jul 16 10:11:52 2026] [::1]:60740 Closing
[Thu Jul 16 10:14:51 2026] [::1]:53238 Accepted
[Thu Jul 16 10:14:51 2026] [::1]:53238 Closing
[Thu Jul 16 10:14:51 2026] [::1]:56233 Accepted
[Thu Jul 16 10:14:52 2026] [::1]:56233 Closing
[Thu Jul 16 10:14:52 2026] [::1]:57652 Accepted
[Thu Jul 16 10:14:52 2026] [::1]:57652 Closing
[Thu Jul 16 10:14:52 2026] [::1]:49678 Accepted
[Thu Jul 16 10:14:52 2026] [::1]:49678 Closing
[Thu Jul 16 10:15:00 2026] [::1]:64695 Accepted
[Thu Jul 16 10:15:00 2026] [::1]:58059 Accepted
[Thu Jul 16 10:15:00 2026] [::1]:64695 Closing
[Thu Jul 16 10:15:00 2026] [::1]:58059 Closing
[Thu Jul 16 10:15:00 2026] [::1]:65186 Accepted
[Thu Jul 16 10:15:00 2026] [::1]:65186 Closing
[Thu Jul 16 10:15:02 2026] [::1]:60751 Accepted
[Thu Jul 16 10:15:02 2026] [::1]:60751 Closing
[Thu Jul 16 10:15:02 2026] [::1]:64728 Accepted
[Thu Jul 16 10:15:02 2026] [::1]:64728 Closing
[Thu Jul 16 10:15:02 2026] [::1]:60302 Accepted
[Thu Jul 16 10:15:02 2026] [::1]:60302 Closing
[Thu Jul 16 10:15:03 2026] [::1]:52817 Accepted
[Thu Jul 16 10:15:03 2026] [::1]:52817 Closing
[Thu Jul 16 10:15:03 2026] [::1]:56497 Accepted
[Thu Jul 16 10:15:03 2026] [::1]:56497 Closing
[Thu Jul 16 10:15:03 2026] [::1]:61308 Accepted
[Thu Jul 16 10:15:03 2026] [::1]:61308 Closing
[Thu Jul 16 10:15:05 2026] [::1]:49724 Accepted
[Thu Jul 16 10:15:05 2026] [::1]:49724 Closing
[Thu Jul 16 10:15:05 2026] [::1]:64977 Accepted
[Thu Jul 16 10:15:05 2026] [::1]:64977 Closing
[Thu Jul 16 10:15:05 2026] [::1]:50631 Accepted
[Thu Jul 16 10:15:05 2026] [::1]:50631 Closing
[Thu Jul 16 10:15:08 2026] [::1]:53974 Accepted
[Thu Jul 16 10:15:08 2026] [::1]:53974 Closing
[Thu Jul 16 10:15:08 2026] [::1]:49852 Accepted
[Thu Jul 16 10:15:08 2026] [::1]:49852 Closing
[Thu Jul 16 10:15:08 2026] [::1]:64209 Accepted
[Thu Jul 16 10:15:08 2026] [::1]:64209 Closing
[Thu Jul 16 10:15:08 2026] [::1]:51577 Accepted
[Thu Jul 16 10:15:08 2026] [::1]:51577 Closing
[Thu Jul 16 10:15:11 2026] [::1]:63147 Accepted
[Thu Jul 16 10:15:11 2026] [::1]:63147 Closing
[Thu Jul 16 10:15:11 2026] [::1]:62550 Accepted
[Thu Jul 16 10:15:11 2026] [::1]:62550 Closing
[Thu Jul 16 10:15:11 2026] [::1]:59004 Accepted
[Thu Jul 16 10:15:11 2026] [::1]:59004 Closing
[Thu Jul 16 10:15:34 2026] [::1]:57737 Accepted
[Thu Jul 16 10:15:34 2026] [::1]:57737 Closing
[Thu Jul 16 10:15:34 2026] [::1]:50522 Accepted
[Thu Jul 16 10:15:34 2026] [::1]:50522 Closing
[Thu Jul 16 10:15:34 2026] [::1]:63102 Accepted
[Thu Jul 16 10:15:34 2026] [::1]:63102 Closing
[Thu Jul 16 10:15:34 2026] [::1]:50752 Accepted
[Thu Jul 16 10:15:34 2026] [::1]:50752 Closing
[Thu Jul 16 10:15:47 2026] [::1]:51701 Accepted
[Thu Jul 16 10:15:47 2026] [::1]:61714 Accepted
[Thu Jul 16 10:15:47 2026] [::1]:51701 Closing
[Thu Jul 16 10:15:47 2026] [::1]:61714 Closing
[Thu Jul 16 10:15:47 2026] [::1]:60725 Accepted
[Thu Jul 16 10:15:47 2026] [::1]:60725 Closing
[Thu Jul 16 10:15:47 2026] [::1]:60180 Accepted
[Thu Jul 16 10:15:47 2026] [::1]:60180 Closing
[Thu Jul 16 10:15:49 2026] [::1]:60452 Accepted
[Thu Jul 16 10:15:49 2026] [::1]:60452 Closing
[Thu Jul 16 10:15:49 2026] [::1]:64498 Accepted
[Thu Jul 16 10:15:49 2026] [::1]:64498 Closing
[Thu Jul 16 10:15:49 2026] [::1]:55797 Accepted
[Thu Jul 16 10:15:49 2026] [::1]:55797 Closing
[Thu Jul 16 10:15:50 2026] [::1]:54142 Accepted
[Thu Jul 16 10:15:50 2026] [::1]:54142 Closing
[Thu Jul 16 10:15:50 2026] [::1]:58403 Accepted
[Thu Jul 16 10:15:50 2026] [::1]:58403 Closing
[Thu Jul 16 10:15:50 2026] [::1]:61223 Accepted
[Thu Jul 16 10:15:50 2026] [::1]:61223 Closing
[Thu Jul 16 10:15:50 2026] [::1]:60483 Accepted
[Thu Jul 16 10:15:51 2026] [::1]:60483 Closing
[Thu Jul 16 10:15:51 2026] [::1]:52311 Accepted
[Thu Jul 16 10:15:51 2026] [::1]:52311 Closing
[Thu Jul 16 10:15:51 2026] [::1]:51589 Accepted
[Thu Jul 16 10:15:51 2026] [::1]:51589 Closing
[Thu Jul 16 10:15:52 2026] [::1]:59739 Accepted
[Thu Jul 16 10:15:53 2026] [::1]:59739 Closing
[Thu Jul 16 10:15:53 2026] [::1]:59483 Accepted
[Thu Jul 16 10:15:53 2026] [::1]:59483 Closing
[Thu Jul 16 10:15:53 2026] [::1]:54196 Accepted
[Thu Jul 16 10:15:53 2026] [::1]:54196 Closing
[Thu Jul 16 10:15:54 2026] [::1]:59994 Accepted
[Thu Jul 16 10:15:54 2026] [::1]:59994 Closing
[Thu Jul 16 10:15:54 2026] [::1]:58608 Accepted
[Thu Jul 16 10:15:54 2026] [::1]:58608 Closing
[Thu Jul 16 10:15:54 2026] [::1]:57502 Accepted
[Thu Jul 16 10:15:54 2026] [::1]:57502 Closing
[Thu Jul 16 10:15:54 2026] [::1]:63911 Accepted
[Thu Jul 16 10:15:55 2026] [::1]:63911 Closing
[Thu Jul 16 10:23:33 2026] [::1]:56346 Accepted
[Thu Jul 16 10:23:34 2026] [::1]:56346 Closing
[Thu Jul 16 10:23:37 2026] [::1]:56348 Accepted
[Thu Jul 16 10:23:37 2026] [::1]:56348 Closing
[Thu Jul 16 10:23:37 2026] [::1]:56350 Accepted
[Thu Jul 16 10:23:37 2026] [::1]:56350 Closing
[Thu Jul 16 10:23:37 2026] [::1]:56352 Accepted
[Thu Jul 16 10:23:37 2026] [::1]:56352 Closing
[Thu Jul 16 10:23:37 2026] [::1]:56354 Accepted
[Thu Jul 16 10:23:37 2026] [::1]:56354 Closing
[Thu Jul 16 10:23:37 2026] [::1]:56356 Accepted
[Thu Jul 16 10:23:38 2026] [::1]:56356 Closing
[Thu Jul 16 10:23:38 2026] [::1]:56358 Accepted
[Thu Jul 16 10:23:38 2026] [::1]:56358 Closing
[Thu Jul 16 10:23:38 2026] [::1]:56360 Accepted
[Thu Jul 16 10:23:38 2026] [::1]:56360 Closing
[Thu Jul 16 10:23:38 2026] [::1]:56362 Accepted
[Thu Jul 16 10:23:38 2026] [::1]:56362 Closing
[Thu Jul 16 10:23:38 2026] [::1]:56364 Accepted
[Thu Jul 16 10:23:38 2026] [::1]:56364 Closing
[Thu Jul 16 10:23:38 2026] [::1]:56366 Accepted
[Thu Jul 16 10:23:38 2026] [::1]:56366 Closing
[Thu Jul 16 10:23:38 2026] [::1]:56368 Accepted
[Thu Jul 16 10:23:39 2026] [::1]:56368 Closing
[Thu Jul 16 10:23:51 2026] [::1]:56378 Accepted
[Thu Jul 16 10:23:51 2026] [::1]:56378 Closing
[Thu Jul 16 10:23:51 2026] [::1]:56380 Accepted
[Thu Jul 16 10:23:51 2026] [::1]:56380 Closing
[Thu Jul 16 10:23:51 2026] [::1]:56382 Accepted
[Thu Jul 16 10:23:52 2026] [::1]:56382 Closing
[Thu Jul 16 10:23:52 2026] [::1]:56384 Accepted
[Thu Jul 16 10:23:52 2026] [::1]:56384 Closing
[Thu Jul 16 10:23:53 2026] [::1]:52223 Accepted
[Thu Jul 16 10:23:53 2026] [::1]:52223 Closing
[Thu Jul 16 10:23:53 2026] [::1]:52350 Accepted
[Thu Jul 16 10:23:53 2026] [::1]:52350 Closing
[Thu Jul 16 10:23:54 2026] [::1]:63588 Accepted
[Thu Jul 16 10:23:54 2026] [::1]:63588 Closing
[Thu Jul 16 10:23:54 2026] [::1]:58477 Accepted
[Thu Jul 16 10:23:54 2026] [::1]:58477 Closing
[Thu Jul 16 10:26:43 2026] [::1]:55087 Accepted
[Thu Jul 16 10:26:43 2026] [::1]:55087 Closing
[Thu Jul 16 10:26:43 2026] [::1]:50521 Accepted
[Thu Jul 16 10:26:43 2026] [::1]:50521 Closing
[Thu Jul 16 10:29:11 2026] [::1]:49739 Accepted
[Thu Jul 16 10:29:11 2026] [::1]:49739 Closing
[Thu Jul 16 10:29:12 2026] [::1]:63700 Accepted
[Thu Jul 16 10:29:12 2026] [::1]:63700 Closing
[Thu Jul 16 10:29:12 2026] [::1]:58325 Accepted
[Thu Jul 16 10:29:12 2026] [::1]:58325 Closing
[Thu Jul 16 10:30:36 2026] [::1]:53519 Accepted
[Thu Jul 16 10:30:36 2026] [::1]:53519 Closing
[Thu Jul 16 10:30:36 2026] [::1]:50575 Accepted
[Thu Jul 16 10:30:36 2026] [::1]:50575 Closing
[Thu Jul 16 10:30:36 2026] [::1]:51048 Accepted
[Thu Jul 16 10:30:36 2026] [::1]:51048 Closing
[Thu Jul 16 10:30:36 2026] [::1]:55190 Accepted
[Thu Jul 16 10:30:36 2026] [::1]:55190 [200]: GET /favicon.ico
[Thu Jul 16 10:30:36 2026] [::1]:55190 Closing
[Thu Jul 16 10:30:37 2026] [::1]:65094 Accepted
[Thu Jul 16 10:30:38 2026] [::1]:65094 Closing
[Thu Jul 16 10:30:38 2026] [::1]:51035 Accepted
[Thu Jul 16 10:30:38 2026] [::1]:51035 Closing
[Thu Jul 16 10:30:38 2026] [::1]:52610 Accepted
[Thu Jul 16 10:30:38 2026] [::1]:52610 Closing
[Thu Jul 16 10:38:13 2026] [::1]:60666 Accepted
[Thu Jul 16 10:38:13 2026] [::1]:60666 Closing
[Thu Jul 16 10:38:13 2026] [::1]:62051 Accepted
[Thu Jul 16 10:38:13 2026] [::1]:62051 Closing
[Thu Jul 16 10:38:13 2026] [::1]:56320 Accepted
[Thu Jul 16 10:38:14 2026] [::1]:56320 Closing
[Thu Jul 16 10:38:15 2026] [::1]:55092 Accepted
[Thu Jul 16 10:38:15 2026] [::1]:55092 Closing
[Thu Jul 16 10:38:15 2026] [::1]:53724 Accepted
[Thu Jul 16 10:38:15 2026] [::1]:53724 Closing
[Thu Jul 16 10:38:19 2026] [::1]:57285 Accepted
[Thu Jul 16 10:38:19 2026] [::1]:57285 Closing
[Thu Jul 16 10:38:19 2026] [::1]:61632 Accepted
[Thu Jul 16 10:38:19 2026] [::1]:61632 Closing
[Thu Jul 16 10:38:19 2026] [::1]:52553 Accepted
[Thu Jul 16 10:38:19 2026] [::1]:52553 Closing
[Thu Jul 16 10:38:20 2026] [::1]:52310 Accepted
[Thu Jul 16 10:38:20 2026] [::1]:52310 Closing
[Thu Jul 16 10:38:20 2026] [::1]:56619 Accepted
[Thu Jul 16 10:38:20 2026] [::1]:56619 Closing
[Thu Jul 16 10:38:20 2026] [::1]:58405 Accepted
[Thu Jul 16 10:38:20 2026] [::1]:58405 Closing
[Thu Jul 16 10:38:21 2026] [::1]:54234 Accepted
[Thu Jul 16 10:38:21 2026] [::1]:54234 Closing
[Thu Jul 16 10:38:21 2026] [::1]:57997 Accepted
[Thu Jul 16 10:38:21 2026] [::1]:57997 Closing
[Thu Jul 16 10:38:21 2026] [::1]:63494 Accepted
[Thu Jul 16 10:38:22 2026] [::1]:63494 Closing
[Thu Jul 16 10:41:36 2026] [::1]:62334 Accepted
[Thu Jul 16 10:41:37 2026] [::1]:62334 Closing
[Thu Jul 16 10:41:37 2026] [::1]:62336 Accepted
[Thu Jul 16 10:41:37 2026] [::1]:62336 Closing
[Thu Jul 16 10:41:37 2026] [::1]:62338 Accepted
[Thu Jul 16 10:41:37 2026] [::1]:62338 Closing
[Thu Jul 16 10:41:37 2026] [::1]:62340 Accepted
[Thu Jul 16 10:41:37 2026] [::1]:62340 Closing
[Thu Jul 16 10:41:57 2026] [::1]:62353 Accepted
[Thu Jul 16 10:41:57 2026] [::1]:62353 Closing
[Thu Jul 16 10:41:58 2026] [::1]:53521 Accepted
[Thu Jul 16 10:41:58 2026] [::1]:53521 Closing
[Thu Jul 16 10:41:58 2026] [::1]:58254 Accepted
[Thu Jul 16 10:41:58 2026] [::1]:58254 Closing
[Thu Jul 16 10:42:47 2026] [::1]:58394 Accepted
[Thu Jul 16 10:42:47 2026] [::1]:58394 Closing
[Thu Jul 16 10:42:47 2026] [::1]:57479 Accepted
[Thu Jul 16 10:42:47 2026] [::1]:57479 Closing
[Thu Jul 16 10:42:47 2026] [::1]:63168 Accepted
[Thu Jul 16 10:42:47 2026] [::1]:63168 Closing
[Thu Jul 16 10:42:47 2026] [::1]:55466 Accepted
[Thu Jul 16 10:42:47 2026] [::1]:55466 [200]: GET /favicon.ico
[Thu Jul 16 10:42:47 2026] [::1]:55466 Closing
[Thu Jul 16 10:42:49 2026] [::1]:65318 Accepted
[Thu Jul 16 10:42:49 2026] [::1]:65318 Closing
[Thu Jul 16 10:42:49 2026] [::1]:50267 Accepted
[Thu Jul 16 10:42:49 2026] [::1]:50267 Closing
[Thu Jul 16 10:42:49 2026] [::1]:52433 Accepted
[Thu Jul 16 10:42:49 2026] [::1]:52433 Closing
[Thu Jul 16 10:42:50 2026] [::1]:61145 Accepted
[Thu Jul 16 10:42:51 2026] [::1]:61145 Closing
[Thu Jul 16 10:42:51 2026] [::1]:50686 Accepted
[Thu Jul 16 10:42:51 2026] [::1]:50686 Closing
[Thu Jul 16 10:42:51 2026] [::1]:55180 Accepted
[Thu Jul 16 10:42:51 2026] [::1]:55180 Closing
[Thu Jul 16 10:42:52 2026] [::1]:52452 Accepted
[Thu Jul 16 10:42:53 2026] [::1]:52452 Closing
[Thu Jul 16 10:42:53 2026] [::1]:51098 Accepted
[Thu Jul 16 10:42:53 2026] [::1]:51098 Closing
[Thu Jul 16 10:42:53 2026] [::1]:52669 Accepted
[Thu Jul 16 10:42:53 2026] [::1]:52669 Closing
[Thu Jul 16 10:42:53 2026] [::1]:63787 Accepted
[Thu Jul 16 10:42:53 2026] [::1]:63787 Closing
[Thu Jul 16 10:42:55 2026] [::1]:50820 Accepted
[Thu Jul 16 10:42:56 2026] [::1]:50820 Closing
[Thu Jul 16 10:42:56 2026] [::1]:58279 Accepted
[Thu Jul 16 10:42:56 2026] [::1]:58279 Closing
[Thu Jul 16 10:42:56 2026] [::1]:59111 Accepted
[Thu Jul 16 10:42:56 2026] [::1]:59111 Closing
[Thu Jul 16 10:42:56 2026] [::1]:50144 Accepted
[Thu Jul 16 10:42:56 2026] [::1]:50144 Closing
[Thu Jul 16 10:43:00 2026] [::1]:49286 Accepted
[Thu Jul 16 10:43:01 2026] [::1]:49286 Closing
[Thu Jul 16 10:43:01 2026] [::1]:55978 Accepted
[Thu Jul 16 10:43:01 2026] [::1]:55978 Closing
[Thu Jul 16 10:43:01 2026] [::1]:50302 Accepted
[Thu Jul 16 10:43:01 2026] [::1]:50302 Closing
[Thu Jul 16 10:43:03 2026] [::1]:55943 Accepted
[Thu Jul 16 10:43:17 2026] [::1]:55943 Closing
[Thu Jul 16 10:43:17 2026] [::1]:64261 Accepted
[Thu Jul 16 10:43:17 2026] [::1]:64261 Closing
[Thu Jul 16 10:43:17 2026] [::1]:62353 Accepted
[Thu Jul 16 10:43:17 2026] [::1]:62353 Closing
[Thu Jul 16 10:43:18 2026] [::1]:62035 Accepted
[Thu Jul 16 10:43:19 2026] [::1]:62035 Closing
[Thu Jul 16 10:43:19 2026] [::1]:63273 Accepted
[Thu Jul 16 10:43:19 2026] [::1]:63273 Closing
[Thu Jul 16 10:43:19 2026] [::1]:56808 Accepted
[Thu Jul 16 10:43:19 2026] [::1]:56808 Closing
[Thu Jul 16 10:43:33 2026] [::1]:62977 Accepted
[Thu Jul 16 10:43:33 2026] [::1]:62977 Closing
[Thu Jul 16 10:43:33 2026] [::1]:58419 Accepted
[Thu Jul 16 10:43:33 2026] [::1]:58419 Closing
[Thu Jul 16 10:43:33 2026] [::1]:52778 Accepted
[Thu Jul 16 10:43:33 2026] [::1]:52778 Closing
[Thu Jul 16 10:43:33 2026] [::1]:57144 Accepted
[Thu Jul 16 10:43:33 2026] [::1]:57144 Closing
[Thu Jul 16 10:43:44 2026] [::1]:58994 Accepted
[Thu Jul 16 10:43:44 2026] [::1]:58994 Closing
[Thu Jul 16 10:43:44 2026] [::1]:56324 Accepted
[Thu Jul 16 10:43:44 2026] [::1]:56324 Closing
[Thu Jul 16 10:43:44 2026] [::1]:64175 Accepted
[Thu Jul 16 10:43:44 2026] [::1]:64175 Closing
[Thu Jul 16 10:46:02 2026] [::1]:58118 Accepted
[Thu Jul 16 10:46:02 2026] [::1]:58118 Closing
[Thu Jul 16 10:46:02 2026] [::1]:49969 Accepted
[Thu Jul 16 10:46:02 2026] [::1]:49969 Closing
[Thu Jul 16 10:46:02 2026] [::1]:56510 Accepted
[Thu Jul 16 10:46:02 2026] [::1]:56510 Closing
[Thu Jul 16 10:46:19 2026] [::1]:60444 Accepted
[Thu Jul 16 10:46:19 2026] [::1]:60444 Closing
[Thu Jul 16 10:46:19 2026] [::1]:64120 Accepted
[Thu Jul 16 10:46:19 2026] [::1]:64120 Closing
[Thu Jul 16 10:46:19 2026] [::1]:49816 Accepted
[Thu Jul 16 10:46:19 2026] [::1]:49816 Closing
[Thu Jul 16 10:46:23 2026] [::1]:50091 Accepted
[Thu Jul 16 10:46:23 2026] [::1]:50091 Closing
[Thu Jul 16 10:46:23 2026] [::1]:55621 Accepted
[Thu Jul 16 10:46:23 2026] [::1]:55621 Closing
[Thu Jul 16 10:46:23 2026] [::1]:50148 Accepted
[Thu Jul 16 10:46:23 2026] [::1]:50148 Closing
[Thu Jul 16 10:46:37 2026] [::1]:51614 Accepted
[Thu Jul 16 10:46:38 2026] [::1]:51614 Closing
[Thu Jul 16 10:46:38 2026] [::1]:50745 Accepted
[Thu Jul 16 10:46:38 2026] [::1]:50745 Closing
[Thu Jul 16 10:46:38 2026] [::1]:62143 Accepted
[Thu Jul 16 10:46:38 2026] [::1]:62143 Closing
[Thu Jul 16 10:46:48 2026] [::1]:64422 Accepted
[Thu Jul 16 10:46:49 2026] [::1]:64422 Closing
[Thu Jul 16 10:46:49 2026] [::1]:60819 Accepted
[Thu Jul 16 10:46:49 2026] [::1]:60819 Closing
[Thu Jul 16 10:46:49 2026] [::1]:51820 Accepted
[Thu Jul 16 10:46:49 2026] [::1]:51820 Closing
[Thu Jul 16 10:46:49 2026] [::1]:51486 Accepted
[Thu Jul 16 10:46:49 2026] [::1]:51486 Closing
[Thu Jul 16 10:47:01 2026] [::1]:63673 Accepted
[Thu Jul 16 10:47:01 2026] [::1]:63673 Closing
[Thu Jul 16 10:47:01 2026] [::1]:62738 Accepted
[Thu Jul 16 10:47:01 2026] [::1]:62738 Closing
[Thu Jul 16 10:47:01 2026] [::1]:58860 Accepted
[Thu Jul 16 10:47:01 2026] [::1]:58860 Closing
[Thu Jul 16 10:47:14 2026] [::1]:59095 Accepted
[Thu Jul 16 10:47:14 2026] [::1]:59095 Closing
[Thu Jul 16 10:47:14 2026] [::1]:55849 Accepted
[Thu Jul 16 10:47:14 2026] [::1]:55849 Closing
[Thu Jul 16 10:47:14 2026] [::1]:52462 Accepted
[Thu Jul 16 10:47:14 2026] [::1]:52462 Closing
[Thu Jul 16 10:47:16 2026] [::1]:58135 Accepted
[Thu Jul 16 10:47:16 2026] [::1]:51658 Accepted
[Thu Jul 16 10:47:17 2026] [::1]:58135 Closing
[Thu Jul 16 10:47:17 2026] [::1]:51658 Closing
[Thu Jul 16 10:47:17 2026] [::1]:63711 Accepted
[Thu Jul 16 10:47:17 2026] [::1]:63711 Closing
[Thu Jul 16 10:47:20 2026] [::1]:61565 Accepted
[Thu Jul 16 10:47:21 2026] [::1]:61565 Closing
[Thu Jul 16 10:47:21 2026] [::1]:59539 Accepted
[Thu Jul 16 10:47:21 2026] [::1]:59539 Closing
[Thu Jul 16 10:47:21 2026] [::1]:55473 Accepted
[Thu Jul 16 10:47:21 2026] [::1]:55473 Closing
[Thu Jul 16 10:47:38 2026] [::1]:51953 Accepted
[Thu Jul 16 10:49:18 2026] [::1]:51953 Closed without sending a request; it was probably just an unused speculative preconnection
[Thu Jul 16 10:49:18 2026] [::1]:51953 Closing
[Thu Jul 16 10:50:01 2026] [::1]:59944 Accepted
[Thu Jul 16 10:50:01 2026] [::1]:59944 Closing
[Thu Jul 16 10:50:01 2026] [::1]:54091 Accepted
[Thu Jul 16 10:50:01 2026] [::1]:54091 Closing
[Thu Jul 16 10:50:01 2026] [::1]:62375 Accepted
[Thu Jul 16 10:50:01 2026] [::1]:62375 Closing
[Thu Jul 16 10:50:01 2026] [::1]:53202 Accepted
[Thu Jul 16 10:50:01 2026] [::1]:53202 [200]: GET /favicon.ico
[Thu Jul 16 10:50:01 2026] [::1]:53202 Closing
[Thu Jul 16 10:50:02 2026] [::1]:59638 Accepted
[Thu Jul 16 10:50:02 2026] [::1]:59638 Closing
[Thu Jul 16 10:50:02 2026] [::1]:53970 Accepted
[Thu Jul 16 10:50:02 2026] [::1]:53970 Closing
[Thu Jul 16 10:50:02 2026] [::1]:49372 Accepted
[Thu Jul 16 10:50:02 2026] [::1]:49372 Closing
[Thu Jul 16 10:50:02 2026] [::1]:53295 Accepted
[Thu Jul 16 10:50:02 2026] [::1]:53295 [200]: GET /favicon.ico
[Thu Jul 16 10:50:02 2026] [::1]:53295 Closing
[Thu Jul 16 10:50:03 2026] [::1]:62241 Accepted
[Thu Jul 16 10:50:03 2026] [::1]:62241 Closing
[Thu Jul 16 10:50:03 2026] [::1]:50306 Accepted
[Thu Jul 16 10:50:03 2026] [::1]:50306 Closing
[Thu Jul 16 10:50:03 2026] [::1]:57498 Accepted
[Thu Jul 16 10:50:03 2026] [::1]:57498 Closing
[Thu Jul 16 10:50:03 2026] [::1]:50216 Accepted
[Thu Jul 16 10:50:03 2026] [::1]:50216 [200]: GET /favicon.ico
[Thu Jul 16 10:50:03 2026] [::1]:50216 Closing
[Thu Jul 16 10:50:03 2026] [::1]:59402 Accepted
[Thu Jul 16 10:50:03 2026] [::1]:59402 Closing
[Thu Jul 16 10:50:03 2026] [::1]:54015 Accepted
[Thu Jul 16 10:50:03 2026] [::1]:54015 Closing
[Thu Jul 16 10:50:03 2026] [::1]:58808 Accepted
[Thu Jul 16 10:50:03 2026] [::1]:58808 Closing
[Thu Jul 16 10:50:03 2026] [::1]:54456 Accepted
[Thu Jul 16 10:50:03 2026] [::1]:54456 Closing
[Thu Jul 16 10:50:03 2026] [::1]:49861 Accepted
[Thu Jul 16 10:50:03 2026] [::1]:49861 Closing
[Thu Jul 16 10:50:03 2026] [::1]:60604 Accepted
[Thu Jul 16 10:50:03 2026] [::1]:60604 Closing
[Thu Jul 16 10:50:03 2026] [::1]:63017 Accepted
[Thu Jul 16 10:50:03 2026] [::1]:58611 Accepted
[Thu Jul 16 10:50:03 2026] [::1]:63017 [200]: GET /favicon.ico
[Thu Jul 16 10:50:03 2026] [::1]:58611 Closing
[Thu Jul 16 10:50:03 2026] [::1]:63017 Closing
[Thu Jul 16 10:50:03 2026] [::1]:57113 Accepted
[Thu Jul 16 10:50:03 2026] [::1]:57113 Closing
[Thu Jul 16 10:50:03 2026] [::1]:62723 Accepted
[Thu Jul 16 10:50:03 2026] [::1]:62723 Closing
[Thu Jul 16 10:50:03 2026] [::1]:62081 Accepted
[Thu Jul 16 10:50:03 2026] [::1]:61049 Accepted
[Thu Jul 16 10:50:03 2026] [::1]:62081 [200]: GET /favicon.ico
[Thu Jul 16 10:50:04 2026] [::1]:61049 Closing
[Thu Jul 16 10:50:04 2026] [::1]:62081 Closing
[Thu Jul 16 10:50:04 2026] [::1]:64920 Accepted
[Thu Jul 16 10:50:04 2026] [::1]:64920 Closing
[Thu Jul 16 10:50:04 2026] [::1]:55802 Accepted
[Thu Jul 16 10:50:04 2026] [::1]:55802 Closing
[Thu Jul 16 10:50:04 2026] [::1]:60193 Accepted
[Thu Jul 16 10:50:04 2026] [::1]:60193 [200]: GET /favicon.ico
[Thu Jul 16 10:50:04 2026] [::1]:60193 Closing
[Thu Jul 16 10:50:04 2026] [::1]:57162 Accepted
[Thu Jul 16 10:50:04 2026] [::1]:57162 Closing
[Thu Jul 16 10:50:04 2026] [::1]:65131 Accepted
[Thu Jul 16 10:50:04 2026] [::1]:65131 Closing
[Thu Jul 16 10:50:04 2026] [::1]:51585 Accepted
[Thu Jul 16 10:50:04 2026] [::1]:51585 Closing
[Thu Jul 16 10:50:04 2026] [::1]:61332 Accepted
[Thu Jul 16 10:50:04 2026] [::1]:61332 [200]: GET /favicon.ico
[Thu Jul 16 10:50:04 2026] [::1]:61332 Closing
[Thu Jul 16 10:50:04 2026] [::1]:61209 Accepted
[Thu Jul 16 10:50:04 2026] [::1]:61209 Closing
[Thu Jul 16 10:50:04 2026] [::1]:60509 Accepted
[Thu Jul 16 10:50:04 2026] [::1]:60509 Closing
[Thu Jul 16 10:50:04 2026] [::1]:60573 Accepted
[Thu Jul 16 10:50:04 2026] [::1]:60573 Closing
[Thu Jul 16 10:50:04 2026] [::1]:59766 Accepted
[Thu Jul 16 10:50:04 2026] [::1]:59766 [200]: GET /favicon.ico
[Thu Jul 16 10:50:04 2026] [::1]:59766 Closing
[Thu Jul 16 10:50:05 2026] [::1]:56119 Accepted
[Thu Jul 16 10:50:05 2026] [::1]:56119 Closing
[Thu Jul 16 10:50:05 2026] [::1]:55575 Accepted
[Thu Jul 16 10:50:05 2026] [::1]:55575 Closing
[Thu Jul 16 10:50:05 2026] [::1]:53165 Accepted
[Thu Jul 16 10:50:05 2026] [::1]:53165 Closing
[Thu Jul 16 10:50:05 2026] [::1]:55478 Accepted
[Thu Jul 16 10:50:05 2026] [::1]:55478 Closing
[Thu Jul 16 10:51:50 2026] [::1]:53694 Accepted
[Thu Jul 16 10:51:51 2026] [::1]:53694 Closing
[Thu Jul 16 10:51:51 2026] [::1]:49306 Accepted
[Thu Jul 16 10:51:51 2026] [::1]:49306 Closing
[Thu Jul 16 10:51:51 2026] [::1]:62137 Accepted
[Thu Jul 16 10:51:51 2026] [::1]:62137 Closing
[Thu Jul 16 10:51:51 2026] [::1]:65443 Accepted
[Thu Jul 16 10:51:51 2026] [::1]:65443 Closing
[Thu Jul 16 10:51:58 2026] [::1]:52360 Accepted
[Thu Jul 16 10:51:58 2026] [::1]:52360 Closing
[Thu Jul 16 10:51:58 2026] [::1]:62113 Accepted
[Thu Jul 16 10:51:58 2026] [::1]:62113 Closing
[Thu Jul 16 10:51:58 2026] [::1]:63437 Accepted
[Thu Jul 16 10:51:58 2026] [::1]:63437 Closing
[Thu Jul 16 10:51:59 2026] [::1]:64655 Accepted
[Thu Jul 16 10:52:01 2026] [::1]:64655 Closing
[Thu Jul 16 10:52:01 2026] [::1]:61833 Accepted
[Thu Jul 16 10:52:01 2026] [::1]:61833 Closing
[Thu Jul 16 10:52:01 2026] [::1]:63733 Accepted
[Thu Jul 16 10:52:01 2026] [::1]:63733 Closing
